// Jest Snapshot v1, https://goo.gl/fbAQLP

exports[`Stage UI renders without problem 1`] = `
<div
  className="stage"
>
  <div
    className="partners"
  >
    <div
      className="partner"
    >
      <div
        className="header"
      >
        <h2>
          Caty Flucker
        </h2>
        <div
          className="icons"
        >
          <span>
            <img
              alt="mute"
              src="volume.svg"
            />
            <img
              alt="search"
              src="search.svg"
            />
          </span>
        </div>
      </div>
      <div
        className="avatar"
      >
        <img
          alt="profile"
          src="https://robohash.org/doloredolorescupiditate.jpg?size=200x200&set=set1"
        />
      </div>
    </div>
    <div
      className="partner"
    >
      <div
        className="header"
      >
        <h2>
          Axe Kubicka
        </h2>
        <div
          className="icons"
        >
          <span>
            <img
              alt="mute"
              src="volume.svg"
            />
            <img
              alt="search"
              src="search.svg"
            />
          </span>
        </div>
      </div>
      <div
        className="avatar"
      >
        <img
          alt="profile"
          src="https://robohash.org/utlaborumfugit.jpg?size=200x200&set=set1"
        />
      </div>
    </div>
    <div
      className="partner"
    >
      <div
        className="header"
      >
        <h2>
          Ashla Attwool
        </h2>
        <div
          className="icons"
        >
          <span>
            <img
              alt="mute"
              src="volume.svg"
            />
            <img
              alt="search"
              src="search.svg"
            />
          </span>
        </div>
      </div>
      <div
        className="avatar"
      >
        <img
          alt="profile"
          src="https://robohash.org/iustodoloremqueinventore.jpg?size=200x200&set=set1"
        />
      </div>
    </div>
  </div>
  <div
    className="personal-stage"
  >
    <div
      className="personal-img"
    >
      <img
        alt="personal"
        src="https://robohash.org/itaquevoluptatumrerum.jpg?size=200x200&set=set1"
      />
    </div>
  </div>
</div>
`;
