// Jest Snapshot v1, https://goo.gl/fbAQLP

exports[`Partner component UI renders without problem 1`] = `
<div
  className="partner"
>
  <div
    className="header"
  >
    <h2>
      Koren Templeton
    </h2>
    <div
      className="icons"
    >
      <span>
        <img
          alt="mute"
          src="volume.svg"
        />
        <img
          alt="search"
          src="search.svg"
        />
      </span>
    </div>
  </div>
  <div
    className="avatar"
  >
    <img
      alt="profile"
      src="https://robohash.org/doloredolorescupiditate.jpg?size=200x200&set=set1"
    />
  </div>
</div>
`;
